../Core/Inc/MOTION/CK_ACC.c:39:6:CK_ACC_Init	40	static
../Core/Inc/MOTION/CK_ACC.c:213:6:CK_ACC_Init2	40	static
../Core/Inc/MOTION/CK_ACC.c:286:6:CK_ACC_Update	16	static
../Core/Inc/MOTION/CK_ACC.c:356:6:CK_ACC_UpdateFilter	24	static
../Core/Inc/MOTION/CK_ACC.c:365:6:CK_ACC_ReadACCRaw	4	static
../Core/Inc/MOTION/CK_ACC.c:423:6:CK_ACC_ResetAccEarthSum	4	static
../Core/Inc/MOTION/CK_ACC.c:431:6:CK_ACC_ResetAccumulateSum	4	static
../Core/Inc/MOTION/CK_ACC.c:440:6:CK_ACC_PerformCalibration	48	static
../Core/Inc/MOTION/CK_ACC.c:503:6:CK_ACC_PerformCalibration_Z_Axis	24	static
../Core/Inc/MOTION/CK_ACC.c:560:6:CK_ACC_BiquadLPFInit	32	static
../Core/Inc/MOTION/CK_ACC.c:571:6:CK_ACC_CheckTimeout	8	static
