../Core/Inc/DRIVERS/CK_TIME_HAL.h:15:27:cmpTimeUs	16	static
../Core/Inc/MOTION/CK_GYRO.c:72:6:CK_GYRO_Init	32	static
../Core/Inc/MOTION/CK_GYRO.c:338:6:CK_GYRO_InitFilters	24	static
../Core/Inc/MOTION/CK_GYRO.c:378:7:gyroGetFilteredDownsampled	16	static
../Core/Inc/MOTION/CK_GYRO.c:384:6:dynLpfFilterInit	4	static
../Core/Inc/MOTION/CK_GYRO.c:414:6:gyroInitLowpassFilterLpf	64	static
../Core/Inc/MOTION/CK_GYRO.c:490:10:calculateNyquistAdjustedNotchHz	24	static
../Core/Inc/MOTION/CK_GYRO.c:507:6:gyroInitFilterNotch1	24	static
../Core/Inc/MOTION/CK_GYRO.c:522:6:gyroInitFilterNotch2	24	static
../Core/Inc/MOTION/CK_GYRO.c:537:6:CK_GYRO_ReadRaw	8	static
../Core/Inc/MOTION/CK_GYRO.c:591:6:CK_GYRO_AllignSensor	16	static
../Core/Inc/MOTION/CK_GYRO.c:609:6:CK_GYRO_Update	32	static
../Core/Inc/MOTION/CK_GYRO.c:695:6:CK_GYRO_ResetGyroSum	4	static
../Core/Inc/MOTION/CK_GYRO.c:703:6:CK_GYRO_PerformCalibration	32	static
../Core/Inc/MOTION/CK_GYRO.c:767:6:CK_GYRO_KalmanInit	32	static
../Core/Inc/MOTION/CK_GYRO.c:776:6:CK_GYRO_BiquadNotchInit	40	static
../Core/Inc/MOTION/CK_GYRO.c:802:6:CK_GYRO_CheckTimeout	8	static
../Core/Inc/MOTION/CK_GYRO.c:831:7:dynThrottle	16	static
../Core/Inc/MOTION/CK_GYRO.c:835:6:dynLpfGyroUpdate	48	static
../Core/Inc/MOTION/CK_GYRO.c:874:6:handleOverflow	24	static
../Core/Inc/MOTION/CK_GYRO.c:898:6:checkForOverflow	24	static
../Core/Inc/MOTION/CK_GYRO.c:938:6:gyroOverflowDetected	4	static
