../Core/Inc/DRIVERS/CK_TIME_HAL.h:15:27:cmpTimeUs	16	static
../Core/Inc/MOTION/CK_GYRO.c:75:6:CK_GYRO_Init	32	static
../Core/Inc/MOTION/CK_GYRO.c:415:6:CK_GYRO_InitFilters	24	static
../Core/Inc/MOTION/CK_GYRO.c:455:7:gyroGetFilteredDownsampled	16	static
../Core/Inc/MOTION/CK_GYRO.c:461:6:dynLpfFilterInit	4	static
../Core/Inc/MOTION/CK_GYRO.c:491:6:gyroInitLowpassFilterLpf	64	static
../Core/Inc/MOTION/CK_GYRO.c:567:10:calculateNyquistAdjustedNotchHz	24	static
../Core/Inc/MOTION/CK_GYRO.c:584:6:gyroInitFilterNotch1	24	static
../Core/Inc/MOTION/CK_GYRO.c:599:6:gyroInitFilterNotch2	24	static
../Core/Inc/MOTION/CK_GYRO.c:614:6:CK_GYRO_ReadRaw	8	static
../Core/Inc/MOTION/CK_GYRO.c:678:6:CK_GYRO_AllignSensor	16	static
../Core/Inc/MOTION/CK_GYRO.c:696:6:CK_GYRO_Update	32	static
../Core/Inc/MOTION/CK_GYRO.c:784:6:CK_GYRO_ResetGyroSum	4	static
../Core/Inc/MOTION/CK_GYRO.c:792:6:CK_GYRO_PerformCalibration	32	static
../Core/Inc/MOTION/CK_GYRO.c:861:6:CK_GYRO_KalmanInit	32	static
../Core/Inc/MOTION/CK_GYRO.c:870:6:CK_GYRO_BiquadNotchInit	40	static
../Core/Inc/MOTION/CK_GYRO.c:896:6:CK_GYRO_CheckTimeout	8	static
../Core/Inc/MOTION/CK_GYRO.c:928:7:dynThrottle	16	static
../Core/Inc/MOTION/CK_GYRO.c:932:6:dynLpfGyroUpdate	48	static
../Core/Inc/MOTION/CK_GYRO.c:971:6:handleOverflow	24	static
../Core/Inc/MOTION/CK_GYRO.c:995:6:checkForOverflow	24	static
../Core/Inc/MOTION/CK_GYRO.c:1035:6:gyroOverflowDetected	4	static
