../Core/Inc/DRIVERS/CK_TIME_HAL.h:15:27:cmpTimeUs	16	static
../Core/Inc/MOTION/CK_IMU.c:83:13:imuQuaternionComputeProducts	16	static
../Core/Inc/MOTION/CK_IMU.c:97:6:imuComputeRotationMatrix	8	static
../Core/Inc/MOTION/CK_IMU.c:119:14:calculateThrottleAngleScale	16	static
../Core/Inc/MOTION/CK_IMU.c:124:6:imuConfigure	24	static
../Core/Inc/MOTION/CK_IMU.c:141:6:imuInit	16	static
../Core/Inc/MOTION/CK_IMU.c:158:14:invSqrt	16	static
../Core/Inc/MOTION/CK_IMU.c:168:6:imuMahonyAHRSupdate	104	static
../Core/Inc/MOTION/CK_IMU.c:255:6:imuUpdateEulerAngles	56	static
../Core/Inc/MOTION/CK_IMU.c:278:13:imuIsAccelerometerHealthy	4	static
../Core/Inc/MOTION/CK_IMU.c:290:14:imuCalcKpGain	32	static
../Core/Inc/MOTION/CK_IMU.c:350:14:imuCalcGroundspeedGain	64	static
../Core/Inc/MOTION/CK_IMU.c:406:7:imuCalcCourseErr	40	static
../Core/Inc/MOTION/CK_IMU.c:507:13:imuComputeQuaternionFromRPY	64	static
../Core/Inc/MOTION/CK_IMU.c:574:13:updateGpsHeadingUsable	24	static
../Core/Inc/MOTION/CK_IMU.c:595:13:imuCalculateEstimatedAttitude	96	static
../Core/Inc/MOTION/CK_IMU.c:694:12:calculateThrottleAngleCorrection	24	static
../Core/Inc/MOTION/CK_IMU.c:710:6:imuUpdateAttitude	24	static
../Core/Inc/MOTION/CK_IMU.c:749:7:getSinPitchAngle	4	static
../Core/Inc/MOTION/CK_IMU.c:754:7:getCosTiltAngle	4	static
../Core/Inc/MOTION/CK_IMU.c:759:6:getQuaternion	16	static
../Core/Inc/MOTION/CK_IMU.c:809:6:imuQuaternionHeadfreeOffsetSet	16	static
../Core/Inc/MOTION/CK_IMU.c:825:6:imuQuaternionMultiplication	56	static
../Core/Inc/MOTION/CK_IMU.c:842:6:imuQuaternionHeadfreeTransformVectorEarthToBody	72	static
../Core/Inc/MOTION/CK_IMU.c:858:6:isUpright	8	static
