../Core/Inc/DRIVERS/CK_TIME_HAL.h:15:27:cmpTimeUs	16	static
../Core/Inc/MOTION/CK_IMU.c:83:13:imuQuaternionComputeProducts	16	static
../Core/Inc/MOTION/CK_IMU.c:97:6:imuComputeRotationMatrix	8	static
../Core/Inc/MOTION/CK_IMU.c:119:14:calculateThrottleAngleScale	16	static
../Core/Inc/MOTION/CK_IMU.c:124:6:imuConfigure	24	static
../Core/Inc/MOTION/CK_IMU.c:143:6:imuInit	16	static
../Core/Inc/MOTION/CK_IMU.c:160:14:invSqrt	16	static
../Core/Inc/MOTION/CK_IMU.c:170:6:imuMahonyAHRSupdate	104	static
../Core/Inc/MOTION/CK_IMU.c:257:6:imuUpdateEulerAngles	56	static
../Core/Inc/MOTION/CK_IMU.c:280:13:imuIsAccelerometerHealthy	4	static
../Core/Inc/MOTION/CK_IMU.c:292:14:imuCalcKpGain	32	static
../Core/Inc/MOTION/CK_IMU.c:387:14:imuCalcGroundspeedGain	64	static
../Core/Inc/MOTION/CK_IMU.c:443:7:imuCalcCourseErr	40	static
../Core/Inc/MOTION/CK_IMU.c:545:13:imuComputeQuaternionFromRPY	64	static
../Core/Inc/MOTION/CK_IMU.c:612:13:updateGpsHeadingUsable	24	static
../Core/Inc/MOTION/CK_IMU.c:633:13:imuCalculateEstimatedAttitude	96	static
../Core/Inc/MOTION/CK_IMU.c:733:12:calculateThrottleAngleCorrection	24	static
../Core/Inc/MOTION/CK_IMU.c:749:6:imuUpdateAttitude	24	static
../Core/Inc/MOTION/CK_IMU.c:788:7:getSinPitchAngle	4	static
../Core/Inc/MOTION/CK_IMU.c:793:7:getCosTiltAngle	4	static
../Core/Inc/MOTION/CK_IMU.c:798:6:getQuaternion	16	static
../Core/Inc/MOTION/CK_IMU.c:848:6:imuQuaternionHeadfreeOffsetSet	16	static
../Core/Inc/MOTION/CK_IMU.c:864:6:imuQuaternionMultiplication	56	static
../Core/Inc/MOTION/CK_IMU.c:881:6:imuQuaternionHeadfreeTransformVectorEarthToBody	72	static
../Core/Inc/MOTION/CK_IMU.c:897:6:isUpright	8	static
