../Core/Inc/COMMUNICATION/USBD_CDC/CK_USBD_INTERFACE.c:24:6:CK_USBD_Init	8	static
../Core/Inc/COMMUNICATION/USBD_CDC/CK_USBD_INTERFACE.c:49:5:CK_USBD_Transmit	8	static
../Core/Inc/COMMUNICATION/USBD_CDC/CK_USBD_INTERFACE.c:60:5:CK_USBD_ReadData	16	static
../Core/Inc/COMMUNICATION/USBD_CDC/CK_USBD_INTERFACE.c:70:5:CK_USBD_WriteRxBuffer	32	static
../Core/Inc/COMMUNICATION/USBD_CDC/CK_USBD_INTERFACE.c:92:5:CK_USBD_WriteTxBuffer	16	static
../Core/Inc/COMMUNICATION/USBD_CDC/CK_USBD_INTERFACE.c:103:6:CK_USBD_IntPrint	72	static
../Core/Inc/COMMUNICATION/USBD_CDC/CK_USBD_INTERFACE.c:129:6:CK_USBD_IntPrintln	72	static
../Core/Inc/COMMUNICATION/USBD_CDC/CK_USBD_INTERFACE.c:158:6:CK_USBD_FloatPrintln	72	dynamic
../Core/Inc/COMMUNICATION/USBD_CDC/CK_USBD_INTERFACE.c:213:6:CK_USBD_FloatPrint	72	dynamic
../Core/Inc/COMMUNICATION/USBD_CDC/CK_USBD_INTERFACE.c:266:6:CK_USBD_StringPrintln	24	static
../Core/Inc/COMMUNICATION/USBD_CDC/CK_USBD_INTERFACE.c:276:6:CK_USBD_StringPrint	24	static
