../Core/Inc/COMMON/maths.c:23:7:sin_approx	24	static
../Core/Inc/COMMON/maths.c:47:7:cos_approx	16	static
../Core/Inc/COMMON/maths.c:56:7:atan2_approx	48	static
../Core/Inc/COMMON/maths.c:83:7:acos_approx	24	static
../Core/Inc/COMMON/maths.c:93:7:asin_approx	16	static
../Core/Inc/COMMON/maths.c:100:5:gcd	16	static
../Core/Inc/COMMON/maths.c:109:9:applyDeadband	16	static
../Core/Inc/COMMON/maths.c:118:7:fapplyDeadband	16	static
../Core/Inc/COMMON/maths.c:127:6:devClear	16	static
../Core/Inc/COMMON/maths.c:132:6:devPush	16	static
../Core/Inc/COMMON/maths.c:146:7:devVariance	16	static
../Core/Inc/COMMON/maths.c:151:7:devStandardDeviation	16	static
../Core/Inc/COMMON/maths.c:156:7:degreesToRadians	16	static
../Core/Inc/COMMON/maths.c:161:5:scaleRange	32	static
../Core/Inc/COMMON/maths.c:168:7:scaleRangef	40	static
../Core/Inc/COMMON/maths.c:184:9:quickMedianFilter3	48	static
../Core/Inc/COMMON/maths.c:193:9:quickMedianFilter5	72	static
../Core/Inc/COMMON/maths.c:204:9:quickMedianFilter7	104	static
../Core/Inc/COMMON/maths.c:217:9:quickMedianFilter9	136	static
../Core/Inc/COMMON/maths.c:232:7:quickMedianFilter3f	48	static
../Core/Inc/COMMON/maths.c:241:7:quickMedianFilter5f	72	static
../Core/Inc/COMMON/maths.c:252:7:quickMedianFilter7f	104	static
../Core/Inc/COMMON/maths.c:265:7:quickMedianFilter9f	136	static
../Core/Inc/COMMON/maths.c:280:6:arraySubInt32	32	static
../Core/Inc/COMMON/maths.c:287:9:qPercent	16	static
../Core/Inc/COMMON/maths.c:292:9:qMultiply	16	static
../Core/Inc/COMMON/maths.c:297:10:qConstruct	16	static
../Core/Inc/COMMON/maths.c:303:14:cubicBlend	16	static
../Core/Inc/COMMON/maths.c:309:7:smoothStepUpTransition	40	static
