../Core/Inc/COMMON/vector.c:10:6:vector2Equal	16	static
../Core/Inc/COMMON/vector.c:15:12:vector2Zero	16	static
../Core/Inc/COMMON/vector.c:23:12:vector2Add	24	static
../Core/Inc/COMMON/vector.c:31:12:vector2Sub	24	static
../Core/Inc/COMMON/vector.c:39:12:vector2Scale	24	static
../Core/Inc/COMMON/vector.c:47:7:vector2Dot	16	static
../Core/Inc/COMMON/vector.c:52:7:vector2Cross	16	static
../Core/Inc/COMMON/vector.c:57:7:vector2NormSq	16	static
../Core/Inc/COMMON/vector.c:62:7:vector2Norm	16	static
../Core/Inc/COMMON/vector.c:67:12:vector2Normalize	24	static
../Core/Inc/COMMON/vector.c:80:12:vector2Rotate	40	static
../Core/Inc/COMMON/vector.c:89:6:vector3Equal	16	static
../Core/Inc/COMMON/vector.c:94:12:vector3Zero	16	static
../Core/Inc/COMMON/vector.c:103:12:vector3Add	24	static
../Core/Inc/COMMON/vector.c:112:12:vector3Sub	24	static
../Core/Inc/COMMON/vector.c:121:12:vector3Scale	24	static
../Core/Inc/COMMON/vector.c:130:7:vector3Dot	16	static
../Core/Inc/COMMON/vector.c:135:12:vector3Cross	40	static
../Core/Inc/COMMON/vector.c:148:7:vector3NormSq	16	static
../Core/Inc/COMMON/vector.c:153:7:vector3Norm	16	static
../Core/Inc/COMMON/vector.c:158:12:vector3Normalize	24	static
../Core/Inc/COMMON/vector.c:169:12:matrixVectorMul	40	static
../Core/Inc/COMMON/vector.c:180:12:matrixTrnVectorMul	40	static
../Core/Inc/COMMON/vector.c:191:13:buildRotationMatrix	40	static
../Core/Inc/COMMON/vector.c:213:12:applyRotationMatrix	16	static
../Core/Inc/COMMON/vector.c:218:13:yawToRotationMatrixZ	24	static
