../Drivers/CMSIS/Include/core_cm7.h:2156:34:__NVIC_SystemReset	4	static,ignoring_inline_asm
../Core/Inc/FLIGHT/CK_ADJUSTMENT.c:61:6:CK_ADJUSTMENT_Init	152	static
../Core/Inc/FLIGHT/CK_ADJUSTMENT.c:90:6:CK_ADJUSTMENT_Update	8	static
../Core/Inc/FLIGHT/CK_ADJUSTMENT.c:145:5:CK_ADJUSTMENT_GetParameters	32	static
../Core/Inc/FLIGHT/CK_ADJUSTMENT.c:180:6:CK_ADJUSTMENT_SetPIDParameters	24	static
../Core/Inc/FLIGHT/CK_ADJUSTMENT.c:198:6:CK_ADJUSTMENT_SetOtherParameters	16	static
../Core/Inc/FLIGHT/CK_ADJUSTMENT.c:253:6:CK_ADJUSTMENT_SetAntiGravityParameters	4	static
../Core/Inc/FLIGHT/CK_ADJUSTMENT.c:259:6:CK_ADJUSTMENT_SaveParameters	144	static
../Core/Inc/FLIGHT/CK_ADJUSTMENT.c:288:9:CK_ADJUSTEMENT_IsAdjustmentModeOn	4	static
