../Core/Inc/COMMON/maths.h:135:19:constrain	24	static
../Core/Inc/FLIGHT/CK_ALTITUDE.c:46:6:CK_ALTITUDE_Update	16	static
../Core/Inc/FLIGHT/CK_ALTITUDE.c:63:6:CK_ALTITUDE_CalculateVelocityAndAltitude	40	static
../Core/Inc/FLIGHT/CK_ALTITUDE.c:163:9:CK_ALTITUDE_CalculateThrottleAdjustment_AltitudeHold	40	static
../Core/Inc/FLIGHT/CK_ALTITUDE.c:205:9:CK_ALTITUDE_CalculateThrottleAdjustment_Landing	24	static
../Core/Inc/FLIGHT/CK_ALTITUDE.c:245:6:CK_ALTITUDE_ApplyAltitudeHoldAdjustment	16	static
../Core/Inc/FLIGHT/CK_ALTITUDE.c:255:9:CK_ALTITUDE_GetEstimatedAltitude	4	static
../Core/Inc/FLIGHT/CK_ALTITUDE.c:259:9:CK_ALTITUDE_GetEstimatedVelocity	4	static
../Core/Inc/FLIGHT/CK_ALTITUDE.c:263:9:CK_ALTITUDE_GetThrottleAdjustment_AltitudeHold	4	static
../Core/Inc/FLIGHT/CK_ALTITUDE.c:267:9:CK_ALTITUDE_GetThrottleAdjustment_Landing	4	static
../Core/Inc/FLIGHT/CK_ALTITUDE.c:271:7:CK_ALTITUDE_GetAccVelocity	4	static
../Core/Inc/FLIGHT/CK_ALTITUDE.c:275:7:CK_ALTITUDE_GetFailsafeVelocity	4	static
