../Drivers/CMSIS/Include/core_cm7.h:1902:22:__NVIC_EnableIRQ	16	static,ignoring_inline_asm
../Core/Inc/FLIGHT/CK_DSHOT.c:81:6:CK_DSHOT_Init	32	static
../Core/Inc/FLIGHT/CK_DSHOT.c:136:6:CK_DSHOT_InitEndPoints	32	static
../Core/Inc/FLIGHT/CK_DSHOT.c:150:7:CK_DSHOT_GetDigitalIdleOffset	4	static
../Core/Inc/FLIGHT/CK_DSHOT.c:155:6:CK_DSHOT_SetMotor1	24	static
../Core/Inc/FLIGHT/CK_DSHOT.c:165:6:CK_DSHOT_SetMotor2	24	static
../Core/Inc/FLIGHT/CK_DSHOT.c:175:6:CK_DSHOT_SetMotor3	24	static
../Core/Inc/FLIGHT/CK_DSHOT.c:185:6:CK_DSHOT_SetMotor4	24	static
../Core/Inc/FLIGHT/CK_DSHOT.c:195:10:CK_DSHOT_PrepareDshotPacket	32	static
../Core/Inc/FLIGHT/CK_DSHOT.c:215:6:CK_DSHOT_LoadDmaBufferDshot	32	static
../Core/Inc/FLIGHT/CK_DSHOT.c:224:10:CK_DSHOT_GetChannel	24	static
../Core/Inc/FLIGHT/CK_DSHOT.c:245:6:CK_DSHOT_Enable	8	static
../Core/Inc/FLIGHT/CK_DSHOT.c:262:6:CK_DSHOT_SetTimerRequest	24	static
../Core/Inc/FLIGHT/CK_DSHOT.c:294:10:CK_DSHOT_GetTimerRequest	24	static
../Core/Inc/FLIGHT/CK_DSHOT.c:315:6:CK_DSHOT_Start1	32	static,ignoring_inline_asm
../Core/Inc/FLIGHT/CK_DSHOT.c:339:6:CK_DSHOT_Start2	32	static,ignoring_inline_asm
../Core/Inc/FLIGHT/CK_DSHOT.c:363:6:CK_DSHOT_Start3	32	static,ignoring_inline_asm
../Core/Inc/FLIGHT/CK_DSHOT.c:387:6:CK_DSHOT_Start4	32	static,ignoring_inline_asm
../Core/Inc/FLIGHT/CK_DSHOT.c:411:6:CK_DSHOT_Init1	56	static,ignoring_inline_asm
../Core/Inc/FLIGHT/CK_DSHOT.c:519:6:CK_DSHOT_Init2	56	static,ignoring_inline_asm
../Core/Inc/FLIGHT/CK_DSHOT.c:628:6:CK_DSHOT_Init3	56	static,ignoring_inline_asm
../Core/Inc/FLIGHT/CK_DSHOT.c:736:6:CK_DSHOT_Init4	56	static,ignoring_inline_asm
../Core/Inc/FLIGHT/CK_DSHOT.c:846:6:CK_DSHOT_InitInterrupt	24	static
../Core/Inc/FLIGHT/CK_DSHOT.c:906:6:CK_DSHOT_DMA_SetInterruptFlag	32	static
../Core/Inc/FLIGHT/CK_DSHOT.c:948:6:CK_DSHOT_DMA_ClearInterruptFlags	16	static
../Core/Inc/FLIGHT/CK_DSHOT.c:977:6:CK_DSHOT_DMA_ClearInterruptFlagsDSHOT1	16	static
../Core/Inc/FLIGHT/CK_DSHOT.c:987:6:CK_DSHOT_DMA_ClearInterruptFlagsDSHOT2	16	static
../Core/Inc/FLIGHT/CK_DSHOT.c:997:6:CK_DSHOT_DMA_ClearInterruptFlagsDSHOT3	16	static
../Core/Inc/FLIGHT/CK_DSHOT.c:1007:6:CK_DSHOT_DMA_ClearInterruptFlagsDSHOT4	16	static
../Core/Inc/FLIGHT/CK_DSHOT.c:1017:10:CK_DSHOT_DMA_GetInterruptFlags	24	static
../Core/Inc/FLIGHT/CK_DSHOT.c:1030:6:CK_DSHOT_DMA_SetTCFlag	32	static
../Core/Inc/FLIGHT/CK_DSHOT.c:1072:9:CK_DSHOT_DMA_CheckTransferComplete	24	static
../Core/Inc/FLIGHT/CK_DSHOT.c:1106:6:TIM7_IRQHandler	8	static
../Core/Inc/FLIGHT/CK_DSHOT.c:1123:6:DMA1_Stream0_IRQHandler	8	static
../Core/Inc/FLIGHT/CK_DSHOT.c:1145:6:DMA1_Stream1_IRQHandler	8	static
../Core/Inc/FLIGHT/CK_DSHOT.c:1166:6:DMA1_Stream2_IRQHandler	8	static
../Core/Inc/FLIGHT/CK_DSHOT.c:1187:6:DMA1_Stream3_IRQHandler	8	static
