../Drivers/CMSIS/Include/core_cm7.h:1902:22:__NVIC_EnableIRQ	16	static,ignoring_inline_asm
../Core/Inc/FLIGHT/CK_DSHOT.c:81:6:CK_DSHOT_Init	32	static
../Core/Inc/FLIGHT/CK_DSHOT.c:136:6:CK_DSHOT_InitEndPoints	32	static
../Core/Inc/FLIGHT/CK_DSHOT.c:148:6:CK_DSHOT_SetMotor1	24	static
../Core/Inc/FLIGHT/CK_DSHOT.c:158:6:CK_DSHOT_SetMotor2	24	static
../Core/Inc/FLIGHT/CK_DSHOT.c:168:6:CK_DSHOT_SetMotor3	24	static
../Core/Inc/FLIGHT/CK_DSHOT.c:178:6:CK_DSHOT_SetMotor4	24	static
../Core/Inc/FLIGHT/CK_DSHOT.c:188:10:CK_DSHOT_PrepareDshotPacket	32	static
../Core/Inc/FLIGHT/CK_DSHOT.c:208:6:CK_DSHOT_LoadDmaBufferDshot	32	static
../Core/Inc/FLIGHT/CK_DSHOT.c:217:10:CK_DSHOT_GetChannel	24	static
../Core/Inc/FLIGHT/CK_DSHOT.c:238:6:CK_DSHOT_Enable	8	static
../Core/Inc/FLIGHT/CK_DSHOT.c:255:6:CK_DSHOT_SetTimerRequest	24	static
../Core/Inc/FLIGHT/CK_DSHOT.c:287:10:CK_DSHOT_GetTimerRequest	24	static
../Core/Inc/FLIGHT/CK_DSHOT.c:308:6:CK_DSHOT_Start1	32	static,ignoring_inline_asm
../Core/Inc/FLIGHT/CK_DSHOT.c:332:6:CK_DSHOT_Start2	32	static,ignoring_inline_asm
../Core/Inc/FLIGHT/CK_DSHOT.c:356:6:CK_DSHOT_Start3	32	static,ignoring_inline_asm
../Core/Inc/FLIGHT/CK_DSHOT.c:380:6:CK_DSHOT_Start4	32	static,ignoring_inline_asm
../Core/Inc/FLIGHT/CK_DSHOT.c:404:6:CK_DSHOT_Init1	56	static,ignoring_inline_asm
../Core/Inc/FLIGHT/CK_DSHOT.c:512:6:CK_DSHOT_Init2	56	static,ignoring_inline_asm
../Core/Inc/FLIGHT/CK_DSHOT.c:621:6:CK_DSHOT_Init3	56	static,ignoring_inline_asm
../Core/Inc/FLIGHT/CK_DSHOT.c:729:6:CK_DSHOT_Init4	56	static,ignoring_inline_asm
../Core/Inc/FLIGHT/CK_DSHOT.c:839:6:CK_DSHOT_InitInterrupt	24	static
../Core/Inc/FLIGHT/CK_DSHOT.c:899:6:CK_DSHOT_DMA_SetInterruptFlag	32	static
../Core/Inc/FLIGHT/CK_DSHOT.c:941:6:CK_DSHOT_DMA_ClearInterruptFlags	16	static
../Core/Inc/FLIGHT/CK_DSHOT.c:970:6:CK_DSHOT_DMA_ClearInterruptFlagsDSHOT1	16	static
../Core/Inc/FLIGHT/CK_DSHOT.c:980:6:CK_DSHOT_DMA_ClearInterruptFlagsDSHOT2	16	static
../Core/Inc/FLIGHT/CK_DSHOT.c:990:6:CK_DSHOT_DMA_ClearInterruptFlagsDSHOT3	16	static
../Core/Inc/FLIGHT/CK_DSHOT.c:1000:6:CK_DSHOT_DMA_ClearInterruptFlagsDSHOT4	16	static
../Core/Inc/FLIGHT/CK_DSHOT.c:1010:10:CK_DSHOT_DMA_GetInterruptFlags	24	static
../Core/Inc/FLIGHT/CK_DSHOT.c:1023:6:CK_DSHOT_DMA_SetTCFlag	32	static
../Core/Inc/FLIGHT/CK_DSHOT.c:1065:9:CK_DSHOT_DMA_CheckTransferComplete	24	static
../Core/Inc/FLIGHT/CK_DSHOT.c:1099:6:TIM7_IRQHandler	8	static
../Core/Inc/FLIGHT/CK_DSHOT.c:1116:6:DMA1_Stream0_IRQHandler	8	static
../Core/Inc/FLIGHT/CK_DSHOT.c:1138:6:DMA1_Stream1_IRQHandler	8	static
../Core/Inc/FLIGHT/CK_DSHOT.c:1159:6:DMA1_Stream2_IRQHandler	8	static
../Core/Inc/FLIGHT/CK_DSHOT.c:1180:6:DMA1_Stream3_IRQHandler	8	static
