../Core/Inc/FLIGHT/CK_GPS.c:82:6:CK_GPS_Init	56	static
../Core/Inc/FLIGHT/CK_GPS.c:154:6:Kalman_Init	24	static
../Core/Inc/FLIGHT/CK_GPS.c:182:6:Kalman_Update	808	static
../Core/Inc/FLIGHT/CK_GPS.c:302:6:CK_GPS_Update	112	static
../Core/Inc/FLIGHT/CK_GPS.c:446:6:CK_GPS_CalculateAveragePosition	80	static
../Core/Inc/FLIGHT/CK_GPS.c:475:6:CK_GPS_WaitSatteliteFix	16	static
../Core/Inc/FLIGHT/CK_GPS.c:525:6:CK_GPS_SaveDestinationLocationAndStartHeight	16	static
../Core/Inc/FLIGHT/CK_GPS.c:546:7:gpsRescueGetImuYawCogGain	4	static
../Core/Inc/FLIGHT/CK_GPS.c:551:6:CK_GPS_DecodePacket	4	static
../Core/Inc/FLIGHT/CK_GPS.c:625:6:CK_GPS_UBXNewByte	16	static
../Core/Inc/FLIGHT/CK_GPS.c:699:6:CK_GPS_CalculateDistanceAndHeading	40	static
../Core/Inc/FLIGHT/CK_GPS.c:718:22:e7_to_rad	16	static
../Core/Inc/FLIGHT/CK_GPS.c:723:6:CK_GPS_CalculateDistanceAndHeading_E7	144	static
../Core/Inc/FLIGHT/CK_GPS.c:760:6:CK_GPS_InitConfig	184	static
../Core/Inc/FLIGHT/CK_GPS.c:849:6:CK_GPS_SendUBXPacket	24	static
../Core/Inc/FLIGHT/CK_GPS.c:883:6:UART7_IRQHandler	16	static
