../Core/Inc/COMMON/maths.h:135:19:constrain	24	static
../Core/Inc/COMMON/maths.h:145:21:constrainf	24	static
../Core/Inc/DRIVERS/CK_TIME_HAL.h:15:27:cmpTimeUs	16	static
../Core/Inc/FLIGHT/CK_MIXER.c:110:6:CK_MIXER_Init	24	static
../Core/Inc/FLIGHT/CK_MIXER.c:209:6:CK_MIXER_Update	16	static
../Core/Inc/FLIGHT/CK_MIXER.c:225:6:applyMixerAdjustmentLinear	72	static
../Core/Inc/FLIGHT/CK_MIXER.c:260:6:applyMixerAdjustment	56	static
../Core/Inc/FLIGHT/CK_MIXER.c:292:14:applyThrottleLimit	32	static
../Core/Inc/FLIGHT/CK_MIXER.c:307:6:CK_MIXER_MixTable	64	static
../Core/Inc/FLIGHT/CK_MIXER.c:432:6:CK_MIXER_ApplyMixToMotors	24	static
../Core/Inc/FLIGHT/CK_MIXER.c:472:6:CK_MIXER_ApplyFinalToMotors	8	static
../Core/Inc/FLIGHT/CK_MIXER.c:478:6:mixerSetThrottleAngleCorrection	16	static
../Core/Inc/FLIGHT/CK_MIXER.c:483:6:CK_MIXER_CalculateThrottleAndMotorRange	16	static
../Core/Inc/FLIGHT/CK_MIXER.c:544:7:getMotorMixRange	4	static
../Core/Inc/FLIGHT/CK_MIXER.c:549:7:mixerGetRcThrottle	4	static
../Core/Inc/FLIGHT/CK_MIXER.c:554:6:CK_MIXER_IsMixerSaturated	4	static
../Core/Inc/FLIGHT/CK_MIXER.c:559:5:CK_MIXER_GetMotorFinalResult	16	static
../Core/Inc/FLIGHT/CK_MIXER.c:563:7:CK_MIXER_GetMotorMixResult	16	static
../Core/Inc/FLIGHT/CK_MIXER.c:568:6:updateDynLpfCutoffs	24	static
