../Core/Inc/COMMON/maths.h:135:19:constrain	24	static
../Core/Inc/COMMON/maths.h:145:21:constrainf	24	static
../Core/Inc/DRIVERS/CK_TIME_HAL.h:15:27:cmpTimeUs	16	static
../Core/Inc/FLIGHT/CK_MIXER.c:109:6:CK_MIXER_Init	16	static
../Core/Inc/FLIGHT/CK_MIXER.c:169:6:CK_MIXER_Update	16	static
../Core/Inc/FLIGHT/CK_MIXER.c:185:6:applyMixerAdjustmentLinear	72	static
../Core/Inc/FLIGHT/CK_MIXER.c:220:6:applyMixerAdjustment	56	static
../Core/Inc/FLIGHT/CK_MIXER.c:252:6:CK_MIXER_MixTable	64	static
../Core/Inc/FLIGHT/CK_MIXER.c:357:6:CK_MIXER_ApplyMixToMotors	24	static
../Core/Inc/FLIGHT/CK_MIXER.c:395:6:CK_MIXER_ApplyFinalToMotors	8	static
../Core/Inc/FLIGHT/CK_MIXER.c:401:6:mixerSetThrottleAngleCorrection	16	static
../Core/Inc/FLIGHT/CK_MIXER.c:406:6:CK_MIXER_CalculateThrottleAndMotorRange	16	static
../Core/Inc/FLIGHT/CK_MIXER.c:455:7:getMotorMixRange	4	static
../Core/Inc/FLIGHT/CK_MIXER.c:460:7:mixerGetRcThrottle	4	static
../Core/Inc/FLIGHT/CK_MIXER.c:465:6:CK_MIXER_IsMixerSaturated	4	static
../Core/Inc/FLIGHT/CK_MIXER.c:470:5:CK_MIXER_GetMotorFinalResult	16	static
../Core/Inc/FLIGHT/CK_MIXER.c:474:7:CK_MIXER_GetMotorMixResult	16	static
../Core/Inc/FLIGHT/CK_MIXER.c:479:6:updateDynLpfCutoffs	24	static
