../Core/Inc/FLIGHT/CK_PWM.c:19:6:CK_PWM_Init	16	static
../Core/Inc/FLIGHT/CK_PWM.c:54:6:CK_PWM_InitEndPoints	24	static
../Core/Inc/FLIGHT/CK_PWM.c:64:6:CK_PWM_Init1	8	static
../Core/Inc/FLIGHT/CK_PWM.c:100:6:CK_PWM_Init2	8	static
../Core/Inc/FLIGHT/CK_PWM.c:135:6:CK_PWM_Init3	8	static
../Core/Inc/FLIGHT/CK_PWM.c:170:6:CK_PWM_Init4	8	static
../Core/Inc/FLIGHT/CK_PWM.c:205:6:CK_PWM_SetMotor1	16	static
../Core/Inc/FLIGHT/CK_PWM.c:221:6:CK_PWM_SetMotor2	16	static
../Core/Inc/FLIGHT/CK_PWM.c:238:6:CK_PWM_SetMotor3	16	static
../Core/Inc/FLIGHT/CK_PWM.c:255:6:CK_PWM_SetMotor4	16	static
