../Core/Inc/FLIGHT/CK_PWM.c:19:6:CK_PWM_Init	16	static
../Core/Inc/FLIGHT/CK_PWM.c:54:6:CK_PWM_InitEndPoints	32	static
../Core/Inc/FLIGHT/CK_PWM.c:67:6:CK_PWM_Init1	8	static
../Core/Inc/FLIGHT/CK_PWM.c:103:6:CK_PWM_Init2	8	static
../Core/Inc/FLIGHT/CK_PWM.c:138:6:CK_PWM_Init3	8	static
../Core/Inc/FLIGHT/CK_PWM.c:173:6:CK_PWM_Init4	8	static
../Core/Inc/FLIGHT/CK_PWM.c:208:6:CK_PWM_SetMotor1	16	static
../Core/Inc/FLIGHT/CK_PWM.c:224:6:CK_PWM_SetMotor2	16	static
../Core/Inc/FLIGHT/CK_PWM.c:241:6:CK_PWM_SetMotor3	16	static
../Core/Inc/FLIGHT/CK_PWM.c:258:6:CK_PWM_SetMotor4	16	static
