../Core/Inc/COMMON/maths.h:145:21:constrainf	24	static
../Core/Inc/DRIVERS/CK_TIME_HAL.h:15:27:cmpTimeUs	16	static
../Core/Inc/FLIGHT/CK_PID.c:230:13:isTpaActive	16	static
../Core/Inc/FLIGHT/CK_PID.c:249:6:pidSetItermAccelerator	16	static
../Core/Inc/FLIGHT/CK_PID.c:254:6:pidOsdAntiGravityActive	4	static
../Core/Inc/FLIGHT/CK_PID.c:259:6:pidStabilisationState	16	static
../Core/Inc/FLIGHT/CK_PID.c:266:6:pidResetIterm	16	static
../Core/Inc/FLIGHT/CK_PID.c:349:14:wingAdjustSetpoint	16	static
../Core/Inc/FLIGHT/CK_PID.c:369:7:getTpaFactorClassic	32	static
../Core/Inc/FLIGHT/CK_PID.c:386:6:pidUpdateTpaFactor	24	static
../Core/Inc/FLIGHT/CK_PID.c:427:6:pidUpdateAntiGravityThrottleFilter	24	static
../Core/Inc/FLIGHT/CK_PID.c:461:7:pidCompensateThrustLinearization	24	static
../Core/Inc/FLIGHT/CK_PID.c:471:7:pidApplyThrustLinearization	16	static
../Core/Inc/FLIGHT/CK_PID.c:480:7:calcHorizonLevelStrength	64	static
../Core/Inc/FLIGHT/CK_PID.c:505:7:pidLevel	72	static
../Core/Inc/FLIGHT/CK_PID.c:590:13:handleCrashRecovery	40	static
../Core/Inc/FLIGHT/CK_PID.c:632:13:detectAndSetCrashRecovery	32	static
../Core/Inc/FLIGHT/CK_PID.c:740:14:accelerationLimit	24	static
../Core/Inc/FLIGHT/CK_PID.c:753:13:rotateVector	32	static
../Core/Inc/FLIGHT/CK_PID.c:766:6:rotateItermAndAxisError	48	static
../Core/Inc/FLIGHT/CK_PID.c:799:6:applyAbsoluteControl	56	static
../Core/Inc/FLIGHT/CK_PID.c:839:6:applyItermRelax	64	static
../Core/Inc/FLIGHT/CK_PID.c:879:6:pidUpdateAirmodeLpf	24	static
../Core/Inc/FLIGHT/CK_PID.c:897:7:pidGetAirmodeThrottleOffset	4	static
../Core/Inc/FLIGHT/CK_PID.c:903:13:disarmOnImpact	16	static
../Core/Inc/FLIGHT/CK_PID.c:976:14:getTpaFactor	32	static
../Core/Inc/FLIGHT/CK_PID.c:1003:14:getSterm	24	static
../Core/Inc/FLIGHT/CK_PID.c:1022:13:calculateSpaValues	16	static
../Core/Inc/FLIGHT/CK_PID.c:1036:13:applySpa	16	static
../Core/Inc/FLIGHT/CK_PID.c:1071:6:pidController	192	static
../Core/Inc/FLIGHT/CK_PID.c:1476:6:crashRecoveryModeActive	4	static
../Core/Inc/FLIGHT/CK_PID.c:1493:6:pidSetAntiGravityState	16	static
../Core/Inc/FLIGHT/CK_PID.c:1502:6:pidAntiGravityEnabled	4	static
../Core/Inc/FLIGHT/CK_PID.c:1508:6:dynLpfDTermUpdate	48	static
../Core/Inc/FLIGHT/CK_PID.c:1544:7:dynLpfCutoffFreq	32	static
../Core/Inc/FLIGHT/CK_PID.c:1551:6:pidSetItermReset	16	static
../Core/Inc/FLIGHT/CK_PID.c:1556:7:pidGetPreviousSetpoint	16	static
../Core/Inc/FLIGHT/CK_PID.c:1561:7:pidGetDT	4	static
../Core/Inc/FLIGHT/CK_PID.c:1566:7:pidGetPidFrequency	4	static
../Core/Inc/FLIGHT/CK_PID.c:1573:6:pidResetResultParameters	16	static
