../Core/Inc/COMMON/maths.h:135:19:constrain	24	static
../Core/Inc/COMMON/maths.h:145:21:constrainf	24	static
../Core/Inc/DRIVERS/CK_TIME_HAL.h:15:27:cmpTimeUs	16	static
../Core/Inc/FLIGHT/CK_RC.c:132:6:CK_RC_Init	40	static
../Core/Inc/FLIGHT/CK_RC.c:174:10:CK_RC_GetDefaultParameters	24	static
../Core/Inc/FLIGHT/CK_RC.c:217:6:CK_RC_LoadParameters	40	static
../Core/Inc/FLIGHT/CK_RC.c:259:6:CK_RC_Update	8	static
../Core/Inc/FLIGHT/CK_RC.c:287:6:calculateFeedforward	96	static
../Core/Inc/FLIGHT/CK_RC.c:458:6:processRcCommand	24	static
../Core/Inc/FLIGHT/CK_RC.c:513:16:rcLookupThrottle	24	static
../Core/Inc/FLIGHT/CK_RC.c:520:6:updateRcCommands	24	static
../Core/Inc/FLIGHT/CK_RC.c:549:6:updateRcRefreshRate	24	static
../Core/Inc/FLIGHT/CK_RC.c:599:6:calculateRCSetpoint	24	static
../Core/Inc/FLIGHT/CK_RC.c:631:7:applyBetaflightRates	40	static
../Core/Inc/FLIGHT/CK_RC.c:655:5:calcAutoSmoothingCutoff	24	static
../Core/Inc/FLIGHT/CK_RC.c:670:6:rcSmoothingSetFilterCutoffs	72	static
../Core/Inc/FLIGHT/CK_RC.c:736:6:rcSmoothingAutoCalculate	4	static
../Core/Inc/FLIGHT/CK_RC.c:745:6:processRcSmoothingFilter	48	static
../Core/Inc/FLIGHT/CK_RC.c:868:5:getRCDataRaw	16	static
../Core/Inc/FLIGHT/CK_RC.c:872:6:setRCDataRaw	16	static
../Core/Inc/FLIGHT/CK_RC.c:876:7:getRCCommand	16	static
../Core/Inc/FLIGHT/CK_RC.c:880:6:setRCCommand	16	static
../Core/Inc/FLIGHT/CK_RC.c:884:7:getMaxRcRate	16	static
../Core/Inc/FLIGHT/CK_RC.c:889:7:getRcDeflection	16	static
../Core/Inc/FLIGHT/CK_RC.c:900:7:getFeedforward	16	static
../Core/Inc/FLIGHT/CK_RC.c:910:6:CK_RC_SetRcDeflection	16	static
../Core/Inc/FLIGHT/CK_RC.c:915:7:getRcDeflectionAbs	16	static
../Core/Inc/FLIGHT/CK_RC.c:920:6:setRcDeflectionAbs	16	static
../Core/Inc/FLIGHT/CK_RC.c:925:7:getMaxRcDeflectionAbs	4	static
../Core/Inc/FLIGHT/CK_RC.c:930:7:getSetpointRate	16	static
../Core/Inc/FLIGHT/CK_RC.c:939:7:getRcCommandDelta	16	static
../Core/Inc/FLIGHT/CK_RC.c:944:7:getCurrentRxRefreshRate	4	static
