../Core/Inc/COMMON/maths.h:135:19:constrain	24	static
../Core/Inc/FLIGHT/CK_RECEIVER.c:61:6:CK_RECEIVER_Init	16	static
../Core/Inc/FLIGHT/CK_RECEIVER.c:171:6:CK_RECEIVER_WaitARM	24	static
../Core/Inc/FLIGHT/CK_RECEIVER.c:228:6:CK_RECEIVER_Update	24	static
../Core/Inc/FLIGHT/CK_RECEIVER.c:326:6:isRxReceivingSignal	4	static
../Core/Inc/FLIGHT/CK_RECEIVER.c:331:6:isAirmodeActivated	4	static
../Core/Inc/FLIGHT/CK_RECEIVER.c:336:6:isAirmodeEnabled	4	static
../Core/Inc/FLIGHT/CK_RECEIVER.c:341:18:calculateThrottleStatus	8	static
../Core/Inc/FLIGHT/CK_RECEIVER.c:350:6:wasThrottleRaised	4	static
../Core/Inc/FLIGHT/CK_RECEIVER.c:357:8:calculateThrottlePercent	16	static
../Core/Inc/FLIGHT/CK_RECEIVER.c:367:9:calculateThrottlePercentAbs	8	static
../Core/Inc/FLIGHT/CK_RECEIVER.c:372:10:CK_RECEIVER_GetInvalidDataCounter	4	static
../Core/Inc/FLIGHT/CK_RECEIVER.c:376:6:CK_RECEIVER_GetAndScaleChannels	24	static
../Core/Inc/FLIGHT/CK_RECEIVER.c:451:6:CK_RECEIVER_CheckAndSetFlags	8	static
../Core/Inc/FLIGHT/CK_RECEIVER.c:689:9:CK_RECEIVER_isArmed	4	static
../Core/Inc/FLIGHT/CK_RECEIVER.c:698:9:isFailsafeActive	4	static
../Core/Inc/FLIGHT/CK_RECEIVER.c:707:9:CK_RECEIVER_GetFlightMode	4	static
../Core/Inc/FLIGHT/CK_RECEIVER.c:722:9:CK_RECEIVER_GetAltitudeMode	4	static
../Core/Inc/FLIGHT/CK_RECEIVER.c:734:9:CK_RECEIVER_GetNavigationMode	4	static
