../Core/Inc/COMMON/maths.h:135:19:constrain	24	static
../Core/Inc/COMMON/maths.h:145:21:constrainf	24	static
../Core/Inc/DRIVERS/CK_TIME_HAL.h:15:27:cmpTimeUs	16	static
../Core/Inc/FLIGHT/CK_RC.c:135:6:CK_RC_Init	40	static
../Core/Inc/FLIGHT/CK_RC.c:177:10:CK_RC_GetDefaultParameters	24	static
../Core/Inc/FLIGHT/CK_RC.c:220:6:CK_RC_LoadParameters	40	static
../Core/Inc/FLIGHT/CK_RC.c:262:6:CK_RC_Update	8	static
../Core/Inc/FLIGHT/CK_RC.c:290:6:calculateFeedforward	96	static
../Core/Inc/FLIGHT/CK_RC.c:461:6:processRcCommand	24	static
../Core/Inc/FLIGHT/CK_RC.c:516:16:rcLookupThrottle	24	static
../Core/Inc/FLIGHT/CK_RC.c:523:6:updateRcCommands	24	static
../Core/Inc/FLIGHT/CK_RC.c:552:6:updateRcRefreshRate	24	static
../Core/Inc/FLIGHT/CK_RC.c:602:6:calculateRCSetpoint	24	static
../Core/Inc/FLIGHT/CK_RC.c:634:7:applyBetaflightRates	40	static
../Core/Inc/FLIGHT/CK_RC.c:658:5:calcAutoSmoothingCutoff	24	static
../Core/Inc/FLIGHT/CK_RC.c:673:6:rcSmoothingSetFilterCutoffs	72	static
../Core/Inc/FLIGHT/CK_RC.c:739:6:rcSmoothingAutoCalculate	4	static
../Core/Inc/FLIGHT/CK_RC.c:748:6:processRcSmoothingFilter	48	static
../Core/Inc/FLIGHT/CK_RC.c:871:5:getRCDataRaw	16	static
../Core/Inc/FLIGHT/CK_RC.c:875:6:setRCDataRaw	16	static
../Core/Inc/FLIGHT/CK_RC.c:879:7:getRCCommand	16	static
../Core/Inc/FLIGHT/CK_RC.c:883:6:setRCCommand	16	static
../Core/Inc/FLIGHT/CK_RC.c:887:7:getMaxRcRate	16	static
../Core/Inc/FLIGHT/CK_RC.c:892:7:getRcDeflection	16	static
../Core/Inc/FLIGHT/CK_RC.c:903:7:getFeedforward	16	static
../Core/Inc/FLIGHT/CK_RC.c:913:6:CK_RC_SetRcDeflection	16	static
../Core/Inc/FLIGHT/CK_RC.c:918:7:getRcDeflectionAbs	16	static
../Core/Inc/FLIGHT/CK_RC.c:923:6:setRcDeflectionAbs	16	static
../Core/Inc/FLIGHT/CK_RC.c:928:7:getMaxRcDeflectionAbs	4	static
../Core/Inc/FLIGHT/CK_RC.c:933:7:getSetpointRate	16	static
../Core/Inc/FLIGHT/CK_RC.c:942:7:getRcCommandDelta	16	static
../Core/Inc/FLIGHT/CK_RC.c:947:7:getCurrentRxRefreshRate	4	static
