../Core/Inc/COMMON/maths.h:135:19:constrain	24	static
../Core/Inc/FLIGHT/CK_RECEIVER.c:61:6:CK_RECEIVER_Init	16	static
../Core/Inc/FLIGHT/CK_RECEIVER.c:169:6:CK_RECEIVER_WaitARM	24	static
../Core/Inc/FLIGHT/CK_RECEIVER.c:226:6:CK_RECEIVER_Update	24	static
../Core/Inc/FLIGHT/CK_RECEIVER.c:299:6:isRxReceivingSignal	4	static
../Core/Inc/FLIGHT/CK_RECEIVER.c:304:6:isAirmodeActivated	4	static
../Core/Inc/FLIGHT/CK_RECEIVER.c:309:6:isAirmodeEnabled	4	static
../Core/Inc/FLIGHT/CK_RECEIVER.c:314:18:calculateThrottleStatus	8	static
../Core/Inc/FLIGHT/CK_RECEIVER.c:323:6:wasThrottleRaised	4	static
../Core/Inc/FLIGHT/CK_RECEIVER.c:330:8:calculateThrottlePercent	16	static
../Core/Inc/FLIGHT/CK_RECEIVER.c:340:9:calculateThrottlePercentAbs	8	static
../Core/Inc/FLIGHT/CK_RECEIVER.c:345:10:CK_RECEIVER_GetInvalidDataCounter	4	static
../Core/Inc/FLIGHT/CK_RECEIVER.c:349:6:CK_RECEIVER_GetAndScaleChannels	24	static
../Core/Inc/FLIGHT/CK_RECEIVER.c:424:6:CK_RECEIVER_CheckAndSetFlags	8	static
../Core/Inc/FLIGHT/CK_RECEIVER.c:662:9:CK_RECEIVER_isArmed	4	static
../Core/Inc/FLIGHT/CK_RECEIVER.c:671:9:isFailsafeActive	4	static
../Core/Inc/FLIGHT/CK_RECEIVER.c:680:9:CK_RECEIVER_GetFlightMode	4	static
../Core/Inc/FLIGHT/CK_RECEIVER.c:695:9:CK_RECEIVER_GetAltitudeMode	4	static
../Core/Inc/FLIGHT/CK_RECEIVER.c:707:9:CK_RECEIVER_GetNavigationMode	4	static
