../Core/Inc/OSD/CK_MAX7456.c:188:6:CK_MAX7456_Init	32	static
../Core/Inc/OSD/CK_MAX7456.c:234:6:CK_MAX7456_Config	16	static
../Core/Inc/OSD/CK_MAX7456.c:246:6:CK_MAX7456_ShowFonts	16	static
../Core/Inc/OSD/CK_MAX7456.c:289:9:CK_MAX7456_CharUpdate	16	static
../Core/Inc/OSD/CK_MAX7456.c:327:6:CK_MAX7456_WriteChar	24	static
../Core/Inc/OSD/CK_MAX7456.c:353:6:CK_MAX7456_Update	32	static,ignoring_inline_asm
../Core/Inc/OSD/CK_MAX7456.c:472:6:DMA1_Stream5_IRQHandler	8	static
../Core/Inc/OSD/CK_MAX7456.c:515:6:CK_MAX7456_TimerPlot	56	static
../Core/Inc/OSD/CK_MAX7456.c:592:6:CK_MAX7456_VoltagePlot	64	static
../Core/Inc/OSD/CK_MAX7456.c:673:6:CK_MAX7456_CurrentPlot	64	static
../Core/Inc/OSD/CK_MAX7456.c:789:6:CK_MAX7456_MahPlot	72	static
../Core/Inc/OSD/CK_MAX7456.c:915:6:CK_MAX7456_LipoIconPlot	56	static
../Core/Inc/OSD/CK_MAX7456.c:1050:6:CK_MAX7456_FirmwareRatePlot	56	static
../Core/Inc/OSD/CK_MAX7456.c:1132:6:CK_MAX7456_RssiPlot	64	static
../Core/Inc/OSD/CK_MAX7456.c:1243:6:CK_MAX7456_RssidBmPlot	56	static
../Core/Inc/OSD/CK_MAX7456.c:1355:6:CK_MAX7456_RssiLinkQualityPlot	56	static
../Core/Inc/OSD/CK_MAX7456.c:1465:6:CK_MAX7456_GpsSattelitePlot	48	static
../Core/Inc/OSD/CK_MAX7456.c:1575:6:CK_MAX7456_GpsDistanceToDestinationPlot	56	static
../Core/Inc/OSD/CK_MAX7456.c:1664:6:CK_MAX7456_GpsGroundSpeedPlot	56	static
../Core/Inc/OSD/CK_MAX7456.c:1756:6:CK_MAX7456_GpsHeadingToDestinationPlot	48	static
../Core/Inc/OSD/CK_MAX7456.c:1846:6:CK_MAX7456_GpsHeadingOfMotionPlot	48	static
../Core/Inc/OSD/CK_MAX7456.c:1935:6:CK_MAX7456_CoreTemperaturePlot	48	static
../Core/Inc/OSD/CK_MAX7456.c:1999:6:CK_MAX7456_AltitudePlot	56	static
../Core/Inc/OSD/CK_MAX7456.c:2111:6:CK_MAX7456_PidPlot	88	static
../Core/Inc/OSD/CK_MAX7456.c:2403:6:CK_MAX7456_TPAPlot	72	static
../Core/Inc/OSD/CK_MAX7456.c:2560:6:CK_MAX7456_ImuHeadingPlot	48	static
../Core/Inc/OSD/CK_MAX7456.c:2638:6:CK_MAX7456_FlightModePlot	32	static
../Core/Inc/OSD/CK_MAX7456.c:2687:6:CK_MAX7456_AltitudeModePlot	40	static
../Core/Inc/OSD/CK_MAX7456.c:2739:6:CK_MAX746_NavigationModePlot	40	static
../Core/Inc/OSD/CK_MAX7456.c:2798:6:CK_MAX7456_FailsafePlot	32	static
../Core/Inc/OSD/CK_MAX7456.c:2854:6:CK_MAX7456_CKFLIGHTPlot	48	static
../Core/Inc/OSD/CK_MAX7456.c:2968:6:CK_MAX7456_PrintLogo	32	static
../Core/Inc/OSD/CK_MAX7456.c:2993:6:CK_MAX7456_ClearLogo	24	static
../Core/Inc/OSD/CK_MAX7456.c:3017:6:CK_MAX7456_Write_BufferElements	32	static
../Core/Inc/OSD/CK_MAX7456.c:3046:6:CK_MAX7456_ClearBuffer	16	static
../Core/Inc/OSD/CK_MAX7456.c:3053:6:CK_MAX7456_OSD_DMA_Packet	24	static
../Core/Inc/OSD/CK_MAX7456.c:3073:6:CK_MAX7456_OSD_FillBuffer	40	static
../Core/Inc/OSD/CK_MAX7456.c:3088:6:CK_MAX7456_ClearScreen	8	static
../Core/Inc/OSD/CK_MAX7456.c:3098:6:CK_MAX7456_Reset	16	static
../Core/Inc/OSD/CK_MAX7456.c:3105:6:CK_MAX7456_CheckReset	32	static
../Core/Inc/OSD/CK_MAX7456.c:3129:9:CK_MAX7456_WriteRegister	24	static
../Core/Inc/OSD/CK_MAX7456.c:3141:5:CK_MAX7456_GetPlotIndex	32	static
../Core/Inc/OSD/CK_MAX7456.c:3158:9:CK_MAX7456_GetLipoAddress	24	static
../Core/Inc/OSD/CK_MAX7456.c:3192:9:CK_MAX7456_GetCharacterAddress	24	static
../Core/Inc/OSD/CK_MAX7456.c:3227:9:CK_MAX7456_GetSpecialCharacterAddress	24	static
../Core/Inc/OSD/CK_MAX7456.c:3336:9:CK_MAX7456_GetArrowCharacter	16	static
