../Core/Inc/OSD/CK_MAX7456.c:188:6:CK_MAX7456_Init	32	static
../Core/Inc/OSD/CK_MAX7456.c:232:6:CK_MAX7456_Config	16	static
../Core/Inc/OSD/CK_MAX7456.c:244:6:CK_MAX7456_ShowFonts	16	static
../Core/Inc/OSD/CK_MAX7456.c:287:9:CK_MAX7456_CharUpdate	16	static
../Core/Inc/OSD/CK_MAX7456.c:325:6:CK_MAX7456_WriteChar	24	static
../Core/Inc/OSD/CK_MAX7456.c:351:6:CK_MAX7456_Update	32	static,ignoring_inline_asm
../Core/Inc/OSD/CK_MAX7456.c:470:6:DMA1_Stream5_IRQHandler	8	static
../Core/Inc/OSD/CK_MAX7456.c:513:6:CK_MAX7456_TimerPlot	56	static
../Core/Inc/OSD/CK_MAX7456.c:590:6:CK_MAX7456_VoltagePlot	64	static
../Core/Inc/OSD/CK_MAX7456.c:671:6:CK_MAX7456_CurrentPlot	64	static
../Core/Inc/OSD/CK_MAX7456.c:787:6:CK_MAX7456_MahPlot	72	static
../Core/Inc/OSD/CK_MAX7456.c:913:6:CK_MAX7456_LipoIconPlot	56	static
../Core/Inc/OSD/CK_MAX7456.c:1048:6:CK_MAX7456_FirmwareRatePlot	56	static
../Core/Inc/OSD/CK_MAX7456.c:1130:6:CK_MAX7456_RssiPlot	64	static
../Core/Inc/OSD/CK_MAX7456.c:1241:6:CK_MAX7456_RssidBmPlot	56	static
../Core/Inc/OSD/CK_MAX7456.c:1353:6:CK_MAX7456_RssiLinkQualityPlot	56	static
../Core/Inc/OSD/CK_MAX7456.c:1463:6:CK_MAX7456_GpsSattelitePlot	48	static
../Core/Inc/OSD/CK_MAX7456.c:1573:6:CK_MAX7456_GpsDistanceToDestinationPlot	56	static
../Core/Inc/OSD/CK_MAX7456.c:1662:6:CK_MAX7456_GpsGroundSpeedPlot	56	static
../Core/Inc/OSD/CK_MAX7456.c:1754:6:CK_MAX7456_GpsHeadingToDestinationPlot	48	static
../Core/Inc/OSD/CK_MAX7456.c:1844:6:CK_MAX7456_GpsHeadingOfMotionPlot	48	static
../Core/Inc/OSD/CK_MAX7456.c:1933:6:CK_MAX7456_CoreTemperaturePlot	48	static
../Core/Inc/OSD/CK_MAX7456.c:1997:6:CK_MAX7456_AltitudePlot	56	static
../Core/Inc/OSD/CK_MAX7456.c:2109:6:CK_MAX7456_PidPlot	88	static
../Core/Inc/OSD/CK_MAX7456.c:2401:6:CK_MAX7456_TPAPlot	72	static
../Core/Inc/OSD/CK_MAX7456.c:2558:6:CK_MAX7456_ImuHeadingPlot	48	static
../Core/Inc/OSD/CK_MAX7456.c:2636:6:CK_MAX7456_FlightModePlot	32	static
../Core/Inc/OSD/CK_MAX7456.c:2685:6:CK_MAX7456_AltitudeModePlot	40	static
../Core/Inc/OSD/CK_MAX7456.c:2737:6:CK_MAX746_NavigationModePlot	40	static
../Core/Inc/OSD/CK_MAX7456.c:2796:6:CK_MAX7456_FailsafePlot	32	static
../Core/Inc/OSD/CK_MAX7456.c:2852:6:CK_MAX7456_CKFLIGHTPlot	48	static
../Core/Inc/OSD/CK_MAX7456.c:2966:6:CK_MAX7456_PrintLogo	32	static
../Core/Inc/OSD/CK_MAX7456.c:2991:6:CK_MAX7456_ClearLogo	24	static
../Core/Inc/OSD/CK_MAX7456.c:3015:6:CK_MAX7456_Write_BufferElements	32	static
../Core/Inc/OSD/CK_MAX7456.c:3044:6:CK_MAX7456_ClearBuffer	16	static
../Core/Inc/OSD/CK_MAX7456.c:3051:6:CK_MAX7456_OSD_DMA_Packet	24	static
../Core/Inc/OSD/CK_MAX7456.c:3071:6:CK_MAX7456_OSD_FillBuffer	40	static
../Core/Inc/OSD/CK_MAX7456.c:3086:6:CK_MAX7456_ClearScreen	8	static
../Core/Inc/OSD/CK_MAX7456.c:3096:6:CK_MAX7456_Reset	16	static
../Core/Inc/OSD/CK_MAX7456.c:3103:6:CK_MAX7456_CheckReset	32	static
../Core/Inc/OSD/CK_MAX7456.c:3127:9:CK_MAX7456_WriteRegister	24	static
../Core/Inc/OSD/CK_MAX7456.c:3139:5:CK_MAX7456_GetPlotIndex	32	static
../Core/Inc/OSD/CK_MAX7456.c:3156:9:CK_MAX7456_GetLipoAddress	24	static
../Core/Inc/OSD/CK_MAX7456.c:3190:9:CK_MAX7456_GetCharacterAddress	24	static
../Core/Inc/OSD/CK_MAX7456.c:3225:9:CK_MAX7456_GetSpecialCharacterAddress	24	static
../Core/Inc/OSD/CK_MAX7456.c:3334:9:CK_MAX7456_GetArrowCharacter	16	static
