../Drivers/CMSIS/Include/core_cm7.h:2156:34:__NVIC_SystemReset	4	static,ignoring_inline_asm
../Core/Inc/COMMUNICATION/CK_CONFIGURATION.c:96:6:CK_CONFIGURATION_Init	24	static
../Core/Inc/COMMUNICATION/CK_CONFIGURATION.c:178:6:CK_CONFIGURATION_DecodeInputStream	32	static
../Core/Inc/COMMUNICATION/CK_CONFIGURATION.c:265:6:CK_CONFIGURATION_GuiCMD	24	static
../Core/Inc/COMMUNICATION/CK_CONFIGURATION.c:323:6:CK_CONFIGURATION_DecodeGUIData	168	static
../Core/Inc/COMMUNICATION/CK_CONFIGURATION.c:649:9:CK_CONFIGURATION_CalculateCRC	24	static
../Core/Inc/COMMUNICATION/CK_CONFIGURATION.c:660:6:CK_CONFIGURATION_TerminalCMD	16	static
../Core/Inc/COMMUNICATION/CK_CONFIGURATION.c:733:9:CK_CONFIGURATION_ConfigureParameters	128	static
../Core/Inc/COMMUNICATION/CK_CONFIGURATION.c:931:10:CK_CONFIGURATION_AsciiToNumber	32	static
../Core/Inc/COMMUNICATION/CK_CONFIGURATION.c:960:6:CK_CONFIGURATION_LoadID	16	static
../Core/Inc/COMMUNICATION/CK_CONFIGURATION.c:969:6:CK_CONFIGURATION_LoadParameters	152	static
../Core/Inc/COMMUNICATION/CK_CONFIGURATION.c:1004:6:CK_CONFIGURATION_SavePIDs	32	static
../Core/Inc/COMMUNICATION/CK_CONFIGURATION.c:1037:6:CK_CONFIGURATION_SaveAccCalibration	16	static
../Core/Inc/COMMUNICATION/CK_CONFIGURATION.c:1055:6:CK_CONFIGURATION_SaveRC	16	static
../Core/Inc/COMMUNICATION/CK_CONFIGURATION.c:1076:6:CK_CONFIGURATION_SaveRates	32	static
