../Drivers/CMSIS/Include/core_cm7.h:2156:34:__NVIC_SystemReset	4	static,ignoring_inline_asm
../Core/Inc/COMMUNICATION/CK_PRINTER.c:43:6:CK_PRINTER_Init	16	static
../Core/Inc/COMMUNICATION/CK_PRINTER.c:91:6:CK_PRINTER_Update	24	static
../Core/Inc/COMMUNICATION/CK_PRINTER.c:271:6:CK_PRINTER_DecodeInputStream	16	static
../Core/Inc/COMMUNICATION/CK_PRINTER.c:282:6:CK_PRINTER_Transfer	16	static
../Core/Inc/COMMUNICATION/CK_PRINTER.c:291:6:CK_PRINTER_PrintString	16	static
../Core/Inc/COMMUNICATION/CK_PRINTER.c:298:6:CK_PRINTER_PrintlnString	16	static
../Core/Inc/COMMUNICATION/CK_PRINTER.c:305:6:CK_PRINTER_PrintInt	16	static
../Core/Inc/COMMUNICATION/CK_PRINTER.c:312:6:CK_PRINTER_PrintlnInt	16	static
../Core/Inc/COMMUNICATION/CK_PRINTER.c:319:6:CK_PRINTER_PrintFloat	16	static
../Core/Inc/COMMUNICATION/CK_PRINTER.c:326:6:CK_PRINTER_PrintlnFloat	16	static
../Core/Inc/COMMUNICATION/CK_PRINTER.c:333:6:CK_PRINTER_PrintFloatDecimal	16	static
../Core/Inc/COMMUNICATION/CK_PRINTER.c:340:6:CK_PRINTER_PrintlnFloatDecimal	16	static
../Core/Inc/COMMUNICATION/CK_PRINTER.c:347:6:CK_PRINTER_PrintADC	16	static
../Core/Inc/COMMUNICATION/CK_PRINTER.c:367:6:CK_PRINTER_PrintPID	8	static
../Core/Inc/COMMUNICATION/CK_PRINTER.c:400:6:CK_PRINTER_PrintPIDDefault	8	static
../Core/Inc/COMMUNICATION/CK_PRINTER.c:433:6:CK_PRINTER_PrintRC	8	static
../Core/Inc/COMMUNICATION/CK_PRINTER.c:459:6:CK_PRINTER_PrintNavigation	16	static
../Core/Inc/COMMUNICATION/CK_PRINTER.c:491:6:CK_PRINTER_PrintGPS	16	static
../Core/Inc/COMMUNICATION/CK_PRINTER.c:530:6:CK_PRINTER_AverageGPS	8	static
../Core/Inc/COMMUNICATION/CK_PRINTER.c:542:6:CK_PRINTER_PrintMotorFinalResults	16	static
../Core/Inc/COMMUNICATION/CK_PRINTER.c:565:6:CK_PRINTER_PrintMotorMixResults	16	static
../Core/Inc/COMMUNICATION/CK_PRINTER.c:588:6:CK_PRINTER_PrintFlags	16	static
../Core/Inc/COMMUNICATION/CK_PRINTER.c:625:6:CK_PRINTER_PrintRCSetpoint	16	static
../Core/Inc/COMMUNICATION/CK_PRINTER.c:646:6:CK_PRINTER_PrintRCCommand	16	static
../Core/Inc/COMMUNICATION/CK_PRINTER.c:669:6:CK_PRINTER_PrintRCData	16	static
../Core/Inc/COMMUNICATION/CK_PRINTER.c:711:6:CK_PRINTER_PrintGyroADCf	16	static
../Core/Inc/COMMUNICATION/CK_PRINTER.c:732:6:CK_PRINTER_PrintGyroADCZero	16	static
../Core/Inc/COMMUNICATION/CK_PRINTER.c:753:6:CK_PRINTER_PrintGyroADCRaw	16	static
../Core/Inc/COMMUNICATION/CK_PRINTER.c:775:6:CK_PRINTER_PrintAccADCf	16	static
../Core/Inc/COMMUNICATION/CK_PRINTER.c:796:6:CK_PRINTER_PrintAccADCZero	16	static
../Core/Inc/COMMUNICATION/CK_PRINTER.c:817:6:CK_PRINTER_PrintAccADCRaw	16	static
../Core/Inc/COMMUNICATION/CK_PRINTER.c:838:6:CK_PRINTER_PrintMagADCf	16	static
../Core/Inc/COMMUNICATION/CK_PRINTER.c:859:6:CK_PRINTER_PrintMagHardIron	16	static
../Core/Inc/COMMUNICATION/CK_PRINTER.c:880:6:CK_PRINTER_PrintMagADCRaw	16	static
../Core/Inc/COMMUNICATION/CK_PRINTER.c:901:6:CK_PRINTER_PrintAltitudeHold	16	static
../Core/Inc/COMMUNICATION/CK_PRINTER.c:935:6:CK_PRINTER_PrintIMUAngles	16	static
../Core/Inc/COMMUNICATION/CK_PRINTER.c:964:6:CK_PRINTER_PrintLoopTime	16	static
../Core/Inc/COMMUNICATION/CK_PRINTER.c:977:6:CK_PRINTER_PrintDebugTimes	8	static
../Core/Inc/COMMUNICATION/CK_PRINTER.c:1003:6:CK_PRINTER_PrintMotionCalibration	16	static
../Core/Inc/COMMUNICATION/CK_PRINTER.c:1036:6:CK_PRINTER_PrintRXRefrashRate	16	static
../Core/Inc/COMMUNICATION/CK_PRINTER.c:1053:6:CK_PRINTER_PrintFeedforward	16	static
