../Drivers/CMSIS/Include/core_cm7.h:2156:34:__NVIC_SystemReset	4	static,ignoring_inline_asm
../Core/Inc/COMMUNICATION/CK_PRINTER.c:42:6:CK_PRINTER_Init	16	static
../Core/Inc/COMMUNICATION/CK_PRINTER.c:79:6:CK_PRINTER_Update	24	static
../Core/Inc/COMMUNICATION/CK_PRINTER.c:254:6:CK_PRINTER_DecodeInputStream	16	static
../Core/Inc/COMMUNICATION/CK_PRINTER.c:265:6:CK_PRINTER_Transfer	16	static
../Core/Inc/COMMUNICATION/CK_PRINTER.c:274:6:CK_PRINTER_PrintString	16	static
../Core/Inc/COMMUNICATION/CK_PRINTER.c:281:6:CK_PRINTER_PrintlnString	16	static
../Core/Inc/COMMUNICATION/CK_PRINTER.c:288:6:CK_PRINTER_PrintInt	16	static
../Core/Inc/COMMUNICATION/CK_PRINTER.c:295:6:CK_PRINTER_PrintlnInt	16	static
../Core/Inc/COMMUNICATION/CK_PRINTER.c:302:6:CK_PRINTER_PrintFloat	16	static
../Core/Inc/COMMUNICATION/CK_PRINTER.c:309:6:CK_PRINTER_PrintlnFloat	16	static
../Core/Inc/COMMUNICATION/CK_PRINTER.c:316:6:CK_PRINTER_PrintFloatDecimal	16	static
../Core/Inc/COMMUNICATION/CK_PRINTER.c:323:6:CK_PRINTER_PrintlnFloatDecimal	16	static
../Core/Inc/COMMUNICATION/CK_PRINTER.c:330:6:CK_PRINTER_PrintADC	8	static
../Core/Inc/COMMUNICATION/CK_PRINTER.c:341:6:CK_PRINTER_PrintPID	8	static
../Core/Inc/COMMUNICATION/CK_PRINTER.c:372:6:CK_PRINTER_PrintRC	8	static
../Core/Inc/COMMUNICATION/CK_PRINTER.c:383:6:CK_PRINTER_PrintNavigation	16	static
../Core/Inc/COMMUNICATION/CK_PRINTER.c:415:6:CK_PRINTER_PrintGPS	16	static
../Core/Inc/COMMUNICATION/CK_PRINTER.c:448:6:CK_PRINTER_PrintMotorFinalResults	16	static
../Core/Inc/COMMUNICATION/CK_PRINTER.c:471:6:CK_PRINTER_PrintMotorMixResults	16	static
../Core/Inc/COMMUNICATION/CK_PRINTER.c:494:6:CK_PRINTER_PrintFlags	16	static
../Core/Inc/COMMUNICATION/CK_PRINTER.c:531:6:CK_PRINTER_PrintRCSetpoint	16	static
../Core/Inc/COMMUNICATION/CK_PRINTER.c:552:6:CK_PRINTER_PrintRCCommand	16	static
../Core/Inc/COMMUNICATION/CK_PRINTER.c:575:6:CK_PRINTER_PrintRCData	16	static
../Core/Inc/COMMUNICATION/CK_PRINTER.c:617:6:CK_PRINTER_PrintGyroADCf	16	static
../Core/Inc/COMMUNICATION/CK_PRINTER.c:638:6:CK_PRINTER_PrintGyroADCZero	16	static
../Core/Inc/COMMUNICATION/CK_PRINTER.c:659:6:CK_PRINTER_PrintGyroADCRaw	16	static
../Core/Inc/COMMUNICATION/CK_PRINTER.c:681:6:CK_PRINTER_PrintAccADCf	16	static
../Core/Inc/COMMUNICATION/CK_PRINTER.c:702:6:CK_PRINTER_PrintAccADCZero	16	static
../Core/Inc/COMMUNICATION/CK_PRINTER.c:723:6:CK_PRINTER_PrintAccADCRaw	16	static
../Core/Inc/COMMUNICATION/CK_PRINTER.c:744:6:CK_PRINTER_PrintMagADCf	16	static
../Core/Inc/COMMUNICATION/CK_PRINTER.c:765:6:CK_PRINTER_PrintMagHardIron	16	static
../Core/Inc/COMMUNICATION/CK_PRINTER.c:786:6:CK_PRINTER_PrintMagADCRaw	16	static
../Core/Inc/COMMUNICATION/CK_PRINTER.c:807:6:CK_PRINTER_PrintAltitudeHold	16	static
../Core/Inc/COMMUNICATION/CK_PRINTER.c:841:6:CK_PRINTER_PrintIMUAngles	16	static
../Core/Inc/COMMUNICATION/CK_PRINTER.c:870:6:CK_PRINTER_PrintLoopTime	16	static
../Core/Inc/COMMUNICATION/CK_PRINTER.c:883:6:CK_PRINTER_PrintDebugTimes	8	static
../Core/Inc/COMMUNICATION/CK_PRINTER.c:909:6:CK_PRINTER_PrintMotionCalibration	16	static
../Core/Inc/COMMUNICATION/CK_PRINTER.c:942:6:CK_PRINTER_PrintRXRefrashRate	16	static
../Core/Inc/COMMUNICATION/CK_PRINTER.c:959:6:CK_PRINTER_PrintFeedforward	16	static
