../Core/Inc/FLASH/CK_FLASH_INTERNAL.c:53:6:CK_FLASH_INTERNAL_Init	4	static
../Core/Inc/FLASH/CK_FLASH_INTERNAL.c:73:9:CK_FLASH_INTERNAL_Write	40	static
../Core/Inc/FLASH/CK_FLASH_INTERNAL.c:139:6:CK_FLASH_INTERNAL_Read	40	static
../Core/Inc/FLASH/CK_FLASH_INTERNAL.c:164:9:CK_FLASH_INTERNAL_EraseSector	16	static
../Core/Inc/FLASH/CK_FLASH_INTERNAL.c:232:6:CK_FLASH_INTERNAL_ClearFlags	4	static
../Core/Inc/FLASH/CK_FLASH_INTERNAL.c:246:9:CK_FLASH_INTERNAL_Unlock	8	static
../Core/Inc/FLASH/CK_FLASH_INTERNAL.c:257:6:CK_FLASH_INTERNAL_Lock	8	static
