../Core/Inc/DRIVERS/CK_ADC.c:51:6:CK_ADC_Init	208	static
../Core/Inc/DRIVERS/CK_ADC.c:96:6:CK_ADC_ADC1Init	48	static
../Core/Inc/DRIVERS/CK_ADC.c:135:6:CK_ADC_ADC2Init	48	static
../Core/Inc/DRIVERS/CK_ADC.c:174:6:CK_ADC_ADC3Init	40	static
../Core/Inc/DRIVERS/CK_ADC.c:218:6:CK_ADC_Update	8	static
../Core/Inc/DRIVERS/CK_ADC.c:247:6:isDataReady	4	static
../Core/Inc/DRIVERS/CK_ADC.c:251:7:CK_ADC_GetLipoResult	4	static
../Core/Inc/DRIVERS/CK_ADC.c:255:7:CK_ADC_GetCurrentResult	4	static
../Core/Inc/DRIVERS/CK_ADC.c:259:7:CK_ADC_GetTemperatureResult	4	static
../Core/Inc/DRIVERS/CK_ADC.c:263:6:CK_ADC_StartConversion	8	static
../Core/Inc/DRIVERS/CK_ADC.c:277:6:CK_ADC_CalculateTemperature	16	static
../Core/Inc/DRIVERS/CK_ADC.c:287:6:ADC_IRQHandler	8	static
