../Core/Inc/DRIVERS/CK_ADC.c:22:6:CK_ADC_Init	216	static
../Core/Inc/DRIVERS/CK_ADC.c:55:6:CK_ADC_ADC1Init	48	static
../Core/Inc/DRIVERS/CK_ADC.c:94:6:CK_ADC_ADC2Init	48	static
../Core/Inc/DRIVERS/CK_ADC.c:133:6:CK_ADC_ADC3Init	40	static
../Core/Inc/DRIVERS/CK_ADC.c:177:6:CK_ADC_Update	8	static
../Core/Inc/DRIVERS/CK_ADC.c:202:7:CK_ADC_GetLipoResult	4	static
../Core/Inc/DRIVERS/CK_ADC.c:208:7:CK_ADC_GetCurrentResult	4	static
../Core/Inc/DRIVERS/CK_ADC.c:213:7:CK_ADC_GetTemperatureResult	4	static
../Core/Inc/DRIVERS/CK_ADC.c:218:6:CK_ADC_StartConversion	8	static
../Core/Inc/DRIVERS/CK_ADC.c:242:6:CK_ADC_CalculateTemperature	16	static
../Core/Inc/DRIVERS/CK_ADC.c:254:6:ADC_IRQHandler	8	static
