../Core/Inc/DRIVERS/CK_BUZZER.c:44:6:CK_BUZZER_Init	48	static
../Core/Inc/DRIVERS/CK_BUZZER.c:170:6:CK_BUZZER_Toggle	8	static
../Core/Inc/DRIVERS/CK_BUZZER.c:184:6:CK_BUZZER_Enable	4	static
../Core/Inc/DRIVERS/CK_BUZZER.c:212:6:CK_BUZZER_Disable	4	static
../Core/Inc/DRIVERS/CK_BUZZER.c:248:6:CK_BUZZER_CheckBuzzer	8	static
../Core/Inc/DRIVERS/CK_BUZZER.c:260:6:CK_BUZZER_Tone1	16	static
../Core/Inc/DRIVERS/CK_BUZZER.c:281:6:CK_BUZZER_Tone2	16	static
../Core/Inc/DRIVERS/CK_BUZZER.c:304:6:CK_BUZZER_Tone3	16	static
../Core/Inc/DRIVERS/CK_BUZZER.c:325:6:CK_BUZZER_Tone4	16	static
