../Core/Inc/DRIVERS/CK_BUZZER.c:27:6:CK_BUZZER_Init	48	static
../Core/Inc/DRIVERS/CK_BUZZER.c:121:6:CK_BUZZER_Activate	4	static
../Core/Inc/DRIVERS/CK_BUZZER.c:147:6:CK_BUZZER_Deactivate	4	static
../Core/Inc/DRIVERS/CK_BUZZER.c:183:6:CK_BUZZER_CheckBuzzer	8	static
../Core/Inc/DRIVERS/CK_BUZZER.c:195:6:CK_BUZZER_Tone1	16	static
../Core/Inc/DRIVERS/CK_BUZZER.c:216:6:CK_BUZZER_Tone2	16	static
../Core/Inc/DRIVERS/CK_BUZZER.c:239:6:CK_BUZZER_Tone3	16	static
../Core/Inc/DRIVERS/CK_BUZZER.c:260:6:CK_BUZZER_Tone4	16	static
