../Core/Inc/DRIVERS/CK_MICROCARD.c:157:6:CK_MICROCARD_Init	240	static
../Core/Inc/DRIVERS/CK_MICROCARD.c:304:6:CK_MICROCARD_InitCard	112	static
../Core/Inc/DRIVERS/CK_MICROCARD.c:447:6:CK_MICROCARD_ReadOffset	536	static
../Core/Inc/DRIVERS/CK_MICROCARD.c:487:6:CK_MICROCARD_SaveOffset	528	static
../Core/Inc/DRIVERS/CK_MICROCARD.c:507:6:CK_MICROCARD_AccessCardDetails	544	static
../Core/Inc/DRIVERS/CK_MICROCARD.c:680:6:CK_MICROCARD_WriteInfoSector	56	static,ignoring_inline_asm
../Core/Inc/DRIVERS/CK_MICROCARD.c:719:6:CK_MICROCARD_WriteData	48	static,ignoring_inline_asm
../Core/Inc/DRIVERS/CK_MICROCARD.c:946:6:CK_MICROCARD_ReadData	32	static
../Core/Inc/DRIVERS/CK_MICROCARD.c:1042:9:CK_MICROCARD_SendAppCommand	24	static
../Core/Inc/DRIVERS/CK_MICROCARD.c:1051:9:CK_MICROCARD_SendCmd	16	static
../Core/Inc/DRIVERS/CK_MICROCARD.c:1093:6:CK_MICROCARD_SendCmdNoResp	16	static
../Core/Inc/DRIVERS/CK_MICROCARD.c:1118:9:CK_MICROCARD_SendStopToken	16	static
../Core/Inc/DRIVERS/CK_MICROCARD.c:1134:9:CK_MICROCARD_WaitForResponse	24	static
../Core/Inc/DRIVERS/CK_MICROCARD.c:1146:5:CK_MICROCARD_WaitForIdle	24	static
../Core/Inc/DRIVERS/CK_MICROCARD.c:1158:6:CK_MICROCARD_SPIFullSpeed	16	static
../Core/Inc/DRIVERS/CK_MICROCARD.c:1177:6:CK_MICROCARD_DeselectCard	16	static
../Core/Inc/DRIVERS/CK_MICROCARD.c:1188:6:CK_MICROCARD_DeselectCardNoTransfer	8	static
../Core/Inc/DRIVERS/CK_MICROCARD.c:1193:6:CK_MICROCARD_SelectCard	8	static
../Core/Inc/DRIVERS/CK_MICROCARD.c:1198:9:CK_MICROCARD_WaitCardBusy	16	static
../Core/Inc/DRIVERS/CK_MICROCARD.c:1240:9:CK_MICROCARD_CheckIsCardBusy	16	static
../Core/Inc/DRIVERS/CK_MICROCARD.c:1281:9:CK_MICROCARD_MultiWrite_CheckIsCardBusy	16	static
../Core/Inc/DRIVERS/CK_MICROCARD.c:1290:6:CK_MICROCARD_WaitTransferComplete	8	static
../Core/Inc/DRIVERS/CK_MICROCARD.c:1295:10:CK_MICROCARD_NumberOfDataLeft	8	static
../Core/Inc/DRIVERS/CK_MICROCARD.c:1300:6:CK_MICROCARD_IsLoggingDone	4	static
../Core/Inc/DRIVERS/CK_MICROCARD.c:1304:6:CK_MICROCARD_IsDMAReady	4	static
../Core/Inc/DRIVERS/CK_MICROCARD.c:1308:6:CK_MICROCARD_DecrementCurrentSector	16	static
../Core/Inc/DRIVERS/CK_MICROCARD.c:1314:6:SDMMC1_IRQHandler	8	static
../Core/Inc/DRIVERS/CK_MICROCARD.c:1319:6:HAL_SD_RxCpltCallback	16	static
../Core/Inc/DRIVERS/CK_MICROCARD.c:1325:6:HAL_SD_TxCpltCallback	16	static
../Core/Inc/DRIVERS/CK_MICROCARD.c:1355:6:HAL_SD_ErrorCallback	16	static
../Core/Inc/DRIVERS/CK_MICROCARD.c:1435:10:CK_MICROCARD_GetStartByteOfFile	32	static
