../Core/Inc/DRIVERS/CK_SPI.c:59:6:CK_SPI_Init	192	static
../Core/Inc/DRIVERS/CK_SPI.c:230:6:CK_SPI_Enable	16	static
../Core/Inc/DRIVERS/CK_SPI.c:235:6:CK_SPI_Disable	16	static
../Core/Inc/DRIVERS/CK_SPI.c:240:6:CK_SPI_EnableTXDMA	16	static
../Core/Inc/DRIVERS/CK_SPI.c:245:6:CK_SPI_EnableRXDMA	16	static
../Core/Inc/DRIVERS/CK_SPI.c:250:6:CK_SPI_DisableTXDMA	16	static
../Core/Inc/DRIVERS/CK_SPI.c:255:6:CK_SPI_DisableRXDMA	16	static
../Core/Inc/DRIVERS/CK_SPI.c:260:6:CK_SPI_StartTransfer	16	static
../Core/Inc/DRIVERS/CK_SPI.c:270:6:CK_SPI_ChangeClock	16	static
../Core/Inc/DRIVERS/CK_SPI.c:281:9:CK_SPI_WriteRegister	176	static
../Core/Inc/DRIVERS/CK_SPI.c:332:6:CK_SPI_ReadRegisterMulti	176	static
../Core/Inc/DRIVERS/CK_SPI.c:458:9:CK_SPI_Transfer	160	static
../Core/Inc/DRIVERS/CK_SPI.c:542:6:CK_SPI_MultiTransfer	32	static
../Core/Inc/DRIVERS/CK_SPI.c:587:9:CK_SPI_WaitTransfer	16	static
../Core/Inc/DRIVERS/CK_SPI.c:611:5:CK_SPI_CheckInitialized	24	static
../Core/Inc/DRIVERS/CK_SPI.c:634:6:CK_SPI_TimeOutCounter	16	static
../Core/Inc/DRIVERS/CK_SPI.c:650:10:CK_SPI_GetTimeOut	24	static
../Core/Inc/DRIVERS/CK_SPI.c:670:6:CK_SPI_ResetTimeOut	16	static
../Core/Inc/DRIVERS/CK_SPI.c:687:22:CK_SPI_GetClockRate	24	static
