../Drivers/CMSIS/Include/core_cm7.h:1902:22:__NVIC_EnableIRQ	16	static,ignoring_inline_asm
../Core/Inc/DRIVERS/CK_UART.c:50:6:CK_UART_Init	64	static
../Core/Inc/DRIVERS/CK_UART.c:161:6:CK_UART_DMA_InitTX	16	static
../Core/Inc/DRIVERS/CK_UART.c:169:6:CK_UART_RXDMAInit	4	static
../Core/Inc/DRIVERS/CK_UART.c:173:6:CK_UART_DMA_EnableClock	16	static
../Core/Inc/DRIVERS/CK_UART.c:184:6:CK_UART_DMA_SetBuffer	24	static
../Core/Inc/DRIVERS/CK_UART.c:191:6:CK_UART_DMA_SetPeripheralAddress	16	static
../Core/Inc/DRIVERS/CK_UART.c:195:6:CK_UART_DMA_TCInterruptEnable	16	static
../Core/Inc/DRIVERS/CK_UART.c:199:6:CK_UART_DMA_TXEnable	16	static
../Core/Inc/DRIVERS/CK_UART.c:204:6:CK_UART_DMA_TXDisable	16	static
../Core/Inc/DRIVERS/CK_UART.c:209:6:CK_UART_DMA_RXEnable	16	static
../Core/Inc/DRIVERS/CK_UART.c:214:6:CK_UART_DMA_RXDisable	16	static
../Core/Inc/DRIVERS/CK_UART.c:219:6:CK_UART_DMA_Enable	16	static
../Core/Inc/DRIVERS/CK_UART.c:224:6:CK_UART_DMA_Disable	16	static
../Core/Inc/DRIVERS/CK_UART.c:229:10:CK_UART_DMA_GetRequest	16	static
../Core/Inc/DRIVERS/CK_UART.c:255:6:CK_UART_DMA_ClearFlag	16	static
../Core/Inc/DRIVERS/CK_UART.c:276:6:CK_UART_DMA_ClearTCFlag	16	static
../Core/Inc/DRIVERS/CK_UART.c:297:9:CK_UART_DMA_IsTransferComplete	16	static
../Core/Inc/DRIVERS/CK_UART.c:311:6:CK_UART_Reset	16	static
../Core/Inc/DRIVERS/CK_UART.c:342:6:CK_UART_SendPolling	16	static
../Core/Inc/DRIVERS/CK_UART.c:351:6:CK_UART_SendInterrupt	16	static
../Core/Inc/DRIVERS/CK_UART.c:357:6:CK_UART_ClearFlags	16	static
../Core/Inc/DRIVERS/CK_UART.c:362:6:CK_UART_TXEnable	16	static
../Core/Inc/DRIVERS/CK_UART.c:367:6:CK_UART_RXEnable	16	static
../Core/Inc/DRIVERS/CK_UART.c:373:6:CK_UART_TXEInterruptEnable	16	static
../Core/Inc/DRIVERS/CK_UART.c:377:6:CK_UART_TXEInterruptDisable	16	static
../Core/Inc/DRIVERS/CK_UART.c:381:6:CK_UART_TCInterruptEnable	16	static
../Core/Inc/DRIVERS/CK_UART.c:385:6:CK_UART_TCInterruptDisable	16	static
../Core/Inc/DRIVERS/CK_UART.c:389:6:CK_UART_RXInterruptEnable	16	static
../Core/Inc/DRIVERS/CK_UART.c:393:6:CK_UART_RXInterruptDisable	16	static
../Core/Inc/DRIVERS/CK_UART.c:397:6:CK_UART_DMAEnable	16	static
../Core/Inc/DRIVERS/CK_UART.c:402:6:CK_UART_DMADisable	16	static
